\BOOKMARK [1][-]{section.1}{\376\377\000I\000n\000t\000r\000o\000d\000u\000c\000t\000i\000o\000n}{}% 1
\BOOKMARK [1][-]{section.2}{\376\377\000R\000e\000l\000a\000t\000e\000d\000\040\000W\000o\000r\000k\000\040\000a\000n\000d\000\040\000P\000o\000s\000i\000t\000i\000o\000n\000i\000n\000g}{}% 2
\BOOKMARK [1][-]{section.3}{\376\377\000C\000o\000n\000c\000e\000p\000t\000u\000a\000l\000\040\000F\000r\000a\000m\000e\000w\000o\000r\000k}{}% 3
\BOOKMARK [1][-]{section.4}{\376\377\000F\000u\000n\000d\000a\000m\000e\000n\000t\000a\000l\000\040\000P\000o\000s\000t\000u\000l\000a\000t\000e\000s}{}% 4
\BOOKMARK [0][-]{part.1}{\376\377\000I\000\040\000T\000o\000p\000o\000l\000o\000g\000i\000c\000a\000l\000\040\000A\000n\000a\000l\000y\000s\000i\000s}{}% 5
\BOOKMARK [1][-]{section.5}{\376\377\000M\000o\000d\000e\000l\000i\000n\000g\000\040\000t\000h\000e\000\040\000S\000u\000b\000s\000t\000r\000a\000t\000e}{part.1}% 6
\BOOKMARK [2][-]{subsection.5.1}{\376\377\000B\000i\000f\000i\000l\000a\000r\000\040\000T\000r\000a\000n\000s\000m\000i\000s\000s\000i\000o\000n\000-\000L\000i\000n\000e\000\040\000M\000o\000d\000e\000l\000i\000n\000g\000\040\000o\000f\000\040\000t\000h\000e\000\040\000D\000Q\000D}{section.5}% 7
\BOOKMARK [2][-]{subsection.5.2}{\376\377\000C\000h\000a\000r\000a\000c\000t\000e\000r\000i\000s\000t\000i\000c\000\040\000I\000m\000p\000e\000d\000a\000n\000c\000e\000\040\000o\000f\000\040\000t\000h\000e\000\040\000E\000l\000e\000c\000t\000r\000o\000n}{section.5}% 8
\BOOKMARK [1][-]{section.6}{\376\377\000E\000l\000e\000m\000e\000n\000t\000a\000r\000y\000\040\000C\000o\000n\000f\000i\000n\000e\000m\000e\000n\000t\000\040\000b\000y\000\040\000I\000m\000p\000e\000d\000a\000n\000c\000e\000\040\000M\000i\000s\000m\000a\000t\000c\000h}{part.1}% 9
\BOOKMARK [2][-]{subsection.6.1}{\376\377\000R\000e\000a\000c\000t\000i\000v\000e\000\040\000P\000h\000a\000s\000e\000\040\000T\000r\000a\000n\000s\000i\000t\000i\000o\000n\000\040\000a\000n\000d\000\040\000S\000t\000a\000n\000d\000i\000n\000g\000\040\000W\000a\000v\000e\000s}{section.6}% 10
\BOOKMARK [2][-]{subsection.6.2}{\376\377\000A\000n\000a\000l\000y\000t\000i\000c\000\040\000S\000y\000n\000t\000h\000e\000s\000i\000s\000\040\000o\000f\000\040\000M\000a\000s\000s}{section.6}% 11
\BOOKMARK [1][-]{section.7}{\376\377\000E\000m\000e\000r\000g\000e\000n\000t\000\040\000M\000a\000x\000w\000e\000l\000l\000\040\000E\000l\000e\000c\000t\000r\000o\000d\000y\000n\000a\000m\000i\000c\000s\000:\000\040\000t\000h\000e\000\040\0003\000-\000D\000Q\000D\000\040\000C\000e\000l\000l\000\040\000a\000s\000\040\000a\000\040\000T\000r\000a\000n\000s\000m\000i\000s\000s\000i\000o\000n\000-\000L\000i\000n\000e\000\040\000N\000o\000d\000e}{part.1}% 12
\BOOKMARK [2][-]{subsection.7.1}{\376\377\000F\000r\000o\000m\000\040\000o\000n\000e\000\040\000d\000i\000m\000e\000n\000s\000i\000o\000n\000\040\000t\000o\000\040\000t\000h\000r\000e\000e\000:\000\040\000w\000h\000a\000t\000\040\000i\000s\000\040\000m\000i\000s\000s\000i\000n\000g}{section.7}% 13
\BOOKMARK [2][-]{subsection.7.2}{\376\377\000T\000h\000e\000\040\0003\000-\000D\000Q\000D\000\040\000c\000e\000l\000l\000\040\000a\000n\000d\000\040\000i\000t\000s\000\040\000t\000w\000e\000l\000v\000e\000\040\000p\000o\000r\000t\000s}{section.7}% 14
\BOOKMARK [2][-]{subsection.7.3}{\376\377\000U\000n\000i\000q\000u\000e\000n\000e\000s\000s\000\040\000t\000h\000e\000o\000r\000e\000m}{section.7}% 15
\BOOKMARK [2][-]{subsection.7.4}{\376\377\000W\000h\000y\000\040\000t\000h\000e\000\040\000c\000r\000o\000s\000s\000i\000n\000g\000\040\000i\000s\000\040\000o\000r\000t\000h\000o\000g\000o\000n\000a\000l\000:\000\040\000L\000e\000m\000m\000a\000\040\000a\000n\000d\000\040\000a\000x\000i\000o\000m\000a\000t\000i\000c\000\040\000c\000l\000o\000s\000u\000r\000e\000\040\000o\000f\000\040\000C\0001}{section.7}% 16
\BOOKMARK [2][-]{subsection.7.5}{\376\377\000P\000a\000r\000i\000t\000y\000\040\000i\000n\000v\000a\000r\000i\000a\000n\000c\000e\000\040\000a\000n\000d\000\040\000t\000h\000e\000\040\000s\000t\000a\000t\000u\000s\000\040\000o\000f\000\040\000t\000h\000e\000\040\000w\000e\000a\000v\000e\000\040\000c\000h\000i\000r\000a\000l\000i\000t\000y}{section.7}% 17
\BOOKMARK [1][-]{section.8}{\376\377\000K\000i\000n\000e\000m\000a\000t\000i\000c\000\040\000G\000r\000a\000v\000i\000t\000y\000\040\000a\000n\000d\000\040\000V\000a\000c\000u\000u\000m\000\040\000R\000e\000f\000r\000a\000c\000t\000i\000o\000n}{part.1}% 18
\BOOKMARK [2][-]{subsection.8.1}{\376\377\000U\000n\000i\000f\000i\000e\000d\000\040\000G\000r\000a\000v\000i\000t\000a\000t\000i\000o\000n\000a\000l\000\040\000F\000o\000r\000c\000e\000\040\000L\000a\000w}{section.8}% 19
\BOOKMARK [2][-]{subsection.8.2}{\376\377\000C\000o\000n\000f\000o\000r\000m\000a\000l\000\040\000R\000e\000p\000r\000e\000s\000e\000n\000t\000a\000t\000i\000v\000e\000\040\000a\000n\000d\000\040\000M\000a\000t\000t\000e\000r\000\040\000C\000o\000u\000p\000l\000i\000n\000g}{section.8}% 20
\BOOKMARK [2][-]{subsection.8.3}{\376\377\000P\000o\000s\000t\000-\000N\000e\000w\000t\000o\000n\000i\000a\000n\000\040\000P\000a\000r\000a\000m\000e\000t\000e\000r\000s\000\040\000a\000n\000d\000\040\000C\000l\000a\000s\000s\000i\000c\000a\000l\000\040\000T\000e\000s\000t\000s}{section.8}% 21
\BOOKMARK [2][-]{subsection.8.4}{\376\377\000A\000d\000i\000a\000b\000a\000t\000i\000c\000i\000t\000y\000\040\000C\000r\000i\000t\000e\000r\000i\000o\000n\000:\000\040\000A\000t\000t\000r\000a\000c\000t\000i\000v\000e\000\040\000a\000n\000d\000\040\000R\000e\000p\000u\000l\000s\000i\000v\000e\000\040\000R\000e\000g\000i\000m\000e\000s\000\040\000o\000f\000\040\000t\000h\000e\000\040\000Z\000\040\000F\000i\000e\000l\000d}{section.8}% 22
\BOOKMARK [2][-]{subsection.8.5}{\376\377\000M\000u\000t\000u\000a\000l\000-\000I\000n\000d\000u\000c\000t\000a\000n\000c\000e\000\040\000C\000o\000u\000p\000l\000i\000n\000g\000\040\000a\000n\000d\000\040\000t\000h\000e\000\040\000H\000y\000d\000r\000o\000g\000e\000n\000\040\000S\000p\000e\000c\000t\000r\000u\000m}{section.8}% 23
\BOOKMARK [1][-]{section.9}{\376\377\000S\000u\000b\000s\000t\000r\000a\000t\000e\000\040\000S\000t\000a\000r\000s\000\040\000a\000n\000d\000\040\000F\000r\000o\000z\000e\000n\000\040\000C\000o\000l\000l\000a\000p\000s\000e\000s}{part.1}% 24
\BOOKMARK [2][-]{subsection.9.1}{\376\377\000H\000y\000d\000r\000o\000s\000t\000a\000t\000i\000c\000\040\000E\000q\000u\000i\000l\000i\000b\000r\000i\000u\000m\000\040\000M\000o\000d\000e\000l}{section.9}% 25
\BOOKMARK [2][-]{subsection.9.2}{\376\377\000N\000u\000m\000e\000r\000i\000c\000a\000l\000\040\000R\000e\000s\000u\000l\000t\000s\000:\000\040\000A\000t\000t\000r\000a\000c\000t\000o\000r\000,\000\040\000C\000r\000i\000t\000i\000c\000a\000l\000\040\000M\000a\000s\000s\000,\000\040\000a\000n\000d\000\040\000S\000t\000a\000b\000i\000l\000i\000t\000y}{section.9}% 26
\BOOKMARK [2][-]{subsection.9.3}{\376\377\000F\000r\000o\000z\000e\000n\000\040\000C\000o\000l\000l\000a\000p\000s\000e\000s\000:\000\040\000T\000h\000e\000\040\000T\000h\000r\000e\000e\000\040\000F\000a\000m\000i\000l\000i\000e\000s\000\040\000o\000f\000\040\000D\000a\000r\000k\000\040\000O\000b\000j\000e\000c\000t\000s}{section.9}% 27
\BOOKMARK [2][-]{subsection.9.4}{\376\377\000D\000e\000b\000t\000s\000\040\000o\000f\000\040\000t\000h\000e\000\040\000C\000a\000l\000c\000u\000l\000a\000t\000i\000o\000n}{section.9}% 28
\BOOKMARK [0][-]{part.2}{\376\377\000I\000I\000\040\000K\000i\000n\000e\000m\000a\000t\000i\000c\000s\000\040\000o\000f\000\040\000M\000e\000d\000i\000a}{}% 29
\BOOKMARK [1][-]{section.10}{\376\377\000Q\000u\000a\000n\000t\000u\000m\000\040\000C\000o\000r\000r\000e\000l\000a\000t\000i\000o\000n\000s\000:\000\040\000S\000c\000o\000p\000e\000\040\000a\000n\000d\000\040\000W\000i\000t\000h\000d\000r\000a\000w\000a\000l\000s}{part.2}% 30
\BOOKMARK [2][-]{subsection.10.1}{\376\377\000D\000i\000f\000f\000e\000r\000e\000n\000t\000i\000a\000l\000-\000M\000o\000d\000e\000\040\000P\000h\000a\000s\000e\000\040\000O\000p\000p\000o\000s\000i\000t\000i\000o\000n\000:\000\040\000C\000o\000n\000d\000i\000t\000i\000o\000n\000a\000l\000\040\000S\000c\000o\000p\000e}{section.10}% 31
\BOOKMARK [2][-]{subsection.10.2}{\376\377\000W\000i\000t\000h\000d\000r\000a\000w\000a\000l\000\040\000o\000f\000\040\000t\000h\000e\000\040\000L\000o\000w\000-\000I\000m\000p\000e\000d\000a\000n\000c\000e\000\040\000C\000o\000r\000r\000i\000d\000o\000r}{section.10}% 32
\BOOKMARK [2][-]{subsection.10.3}{\376\377\000E\000n\000t\000a\000n\000g\000l\000e\000m\000e\000n\000t\000\040\000a\000n\000d\000\040\000M\000e\000a\000s\000u\000r\000e\000m\000e\000n\000t\000:\000\040\000N\000o\000\040\000P\000r\000e\000s\000e\000n\000t\000\040\000M\000e\000c\000h\000a\000n\000i\000s\000m}{section.10}% 33
\BOOKMARK [1][-]{section.11}{\376\377\000L\000o\000r\000e\000n\000t\000z\000\040\000I\000n\000v\000a\000r\000i\000a\000n\000c\000e\000\040\000a\000s\000\040\000a\000n\000\040\000E\000m\000e\000r\000g\000e\000n\000t\000\040\000S\000y\000m\000m\000e\000t\000r\000y\000\040\000o\000f\000\040\000t\000h\000e\000\040\000S\000u\000b\000s\000t\000r\000a\000t\000e}{part.2}% 34
\BOOKMARK [2][-]{subsection.11.1}{\376\377\000T\000h\000e\000\040\000H\000e\000a\000v\000i\000s\000i\000d\000e\000\040\000E\000l\000l\000i\000p\000s\000o\000i\000d\000\040\000a\000n\000d\000\040\000C\000o\000n\000v\000e\000c\000t\000i\000v\000e\000\040\000I\000m\000p\000e\000d\000a\000n\000c\000e}{section.11}% 35
\BOOKMARK [2][-]{subsection.11.2}{\376\377\000C\000l\000o\000c\000k\000\040\000S\000l\000o\000w\000i\000n\000g\000\040\000b\000y\000\040\000I\000n\000d\000u\000c\000t\000i\000v\000e\000\040\000O\000v\000e\000r\000l\000o\000a\000d}{section.11}% 36
\BOOKMARK [2][-]{subsection.11.3}{\376\377\000D\000e\000m\000o\000n\000s\000t\000r\000a\000t\000i\000o\000n\000\040\000o\000f\000\040\000E\000m\000e\000r\000g\000e\000n\000t\000\040\000C\000o\000v\000a\000r\000i\000a\000n\000c\000e}{section.11}% 37
\BOOKMARK [1][-]{section.12}{\376\377\000S\000t\000a\000b\000i\000l\000i\000t\000y\000\040\000o\000f\000\040\000t\000h\000e\000\040\000S\000u\000b\000s\000t\000r\000a\000t\000e}{part.2}% 38
\BOOKMARK [2][-]{subsection.12.1}{\376\377\000S\000t\000a\000b\000i\000l\000i\000t\000y\000\040\000C\000o\000n\000s\000t\000r\000a\000i\000n\000t\000s}{section.12}% 39
\BOOKMARK [2][-]{subsection.12.2}{\376\377\000D\000y\000n\000a\000m\000i\000c\000a\000l\000\040\000A\000x\000i\000o\000m\000s}{section.12}% 40
\BOOKMARK [2][-]{subsection.12.3}{\376\377\000R\000\040\000a\000s\000\040\000a\000\040\000D\000e\000r\000i\000v\000a\000t\000i\000o\000n\000\040\000T\000a\000r\000g\000e\000t}{section.12}% 41
\BOOKMARK [1][-]{section.13}{\376\377\000E\000l\000e\000c\000t\000r\000o\000d\000y\000n\000a\000m\000i\000c\000\040\000S\000y\000n\000t\000h\000e\000s\000i\000s\000:\000\040\000U\000n\000i\000f\000i\000e\000d\000\040\000I\000m\000p\000e\000d\000a\000n\000c\000e\000\040\000A\000n\000s\000a\000t\000z}{part.2}% 42
\BOOKMARK [2][-]{subsection.13.1}{\376\377\000S\000c\000a\000l\000e\000\040\000D\000i\000s\000t\000i\000n\000c\000t\000i\000o\000n\000\040\000o\000f\000\040\000t\000h\000e\000\040\000R\000e\000f\000l\000e\000c\000t\000i\000o\000n\000\040\000C\000o\000e\000f\000f\000i\000c\000i\000e\000n\000t\000s}{section.13}% 43
\BOOKMARK [2][-]{subsection.13.2}{\376\377\000M\000e\000c\000h\000a\000n\000i\000s\000m\000\040\000o\000f\000\040\000R\000e\000a\000c\000t\000i\000v\000e\000\040\000C\000o\000n\000f\000i\000n\000e\000m\000e\000n\000t\000\040\000P\000r\000e\000s\000s\000u\000r\000e}{section.13}% 44
\BOOKMARK [2][-]{subsection.13.3}{\376\377\000I\000n\000t\000r\000i\000n\000s\000i\000c\000\040\000L\000i\000m\000i\000t\000a\000t\000i\000o\000n\000s\000\040\000o\000f\000\040\000t\000h\000e\000\040\000F\000i\000r\000s\000t\000-\000O\000r\000d\000e\000r\000\040\000A\000n\000s\000a\000t\000z}{section.13}% 45
\BOOKMARK [2][-]{subsection.13.4}{\376\377\000D\000e\000r\000i\000v\000a\000t\000i\000o\000n\000\040\000o\000f\000\040\000t\000h\000e\000\040\000S\000a\000t\000u\000r\000a\000t\000i\000o\000n\000\040\000C\000o\000e\000f\000f\000i\000c\000i\000e\000n\000t\000\040\000a\000n\000d\000\040\000A\000t\000o\000m\000i\000c\000\040\000R\000e\000p\000u\000l\000s\000i\000o\000n}{section.13}% 46
\BOOKMARK [1][-]{section.14}{\376\377\000T\000e\000n\000s\000o\000r\000\040\000S\000e\000c\000t\000o\000r\000\040\000z\000i\000j\000,\000\040\000N\000e\000m\000a\000t\000i\000c\000\040\000O\000r\000d\000e\000r\000,\000\040\000a\000n\000d\000\040\000S\000p\000i\000n\000-\0002}{part.2}% 47
\BOOKMARK [2][-]{subsection.14.1}{\376\377\000D\000e\000c\000o\000m\000p\000o\000s\000i\000t\000i\000o\000n\000\040\000a\000n\000d\000\040\000A\000x\000i\000o\000m\000\040\000A\0007}{section.14}% 48
\BOOKMARK [2][-]{subsection.14.2}{\376\377\000Q\000u\000a\000d\000r\000u\000p\000o\000l\000a\000r\000\040\000N\000e\000m\000a\000t\000i\000c\000\040\000O\000r\000d\000e\000r}{section.14}% 49
\BOOKMARK [2][-]{subsection.14.3}{\376\377\000C\000o\000s\000t\000\040\000o\000f\000\040\000D\000e\000s\000e\000r\000'\000s\000\040\000T\000h\000e\000o\000r\000e\000m\000\040\000a\000n\000d\000\040\000S\000u\000r\000v\000i\000v\000a\000l\000\040\000C\000o\000n\000d\000i\000t\000i\000o\000n}{section.14}% 50
\BOOKMARK [1][-]{section.15}{\376\377\000D\000i\000s\000c\000u\000s\000s\000i\000o\000n\000:\000\040\000E\000x\000p\000e\000r\000i\000m\000e\000n\000t\000a\000l\000\040\000C\000o\000n\000s\000t\000r\000a\000i\000n\000t\000s\000\040\000a\000n\000d\000\040\000F\000a\000l\000s\000i\000f\000i\000c\000a\000t\000i\000o\000n\000\040\000P\000r\000o\000g\000r\000a\000m}{part.2}% 51
\BOOKMARK [2][-]{subsection.15.1}{\376\377\000I\000n\000f\000o\000r\000m\000a\000t\000i\000o\000n\000\040\000a\000n\000d\000\040\000t\000h\000e\000\040\000A\000b\000s\000e\000n\000c\000e\000\040\000o\000f\000\040\000H\000a\000w\000k\000i\000n\000g\000\040\000E\000v\000a\000p\000o\000r\000a\000t\000i\000o\000n}{section.15}% 52
\BOOKMARK [2][-]{subsection.15.2}{\376\377\000C\000o\000n\000f\000r\000o\000n\000t\000a\000t\000i\000o\000n\000\040\000w\000i\000t\000h\000\040\000t\000h\000e\000\040\000L\000i\000t\000t\000l\000e\000\040\000R\000e\000d\000\040\000D\000o\000t\000\040\000M\000a\000s\000s\000e\000s}{section.15}% 53
\BOOKMARK [2][-]{subsection.15.3}{\376\377\000N\000e\000w\000t\000o\000n\000'\000s\000\040\000c\000o\000n\000s\000t\000a\000n\000t\000\040\000a\000s\000\040\000t\000o\000p\000o\000l\000o\000g\000i\000c\000a\000l\000\040\000c\000l\000o\000s\000u\000r\000e\000:\000\040\000a\000n\000\040\000e\000x\000p\000l\000o\000r\000a\000t\000o\000r\000y\000\040\000c\000o\000n\000j\000e\000c\000t\000u\000r\000e}{section.15}% 54
\BOOKMARK [1][-]{section.16}{\376\377\000O\000p\000e\000n\000\040\000P\000r\000o\000b\000l\000e\000m\000s\000\040\000a\000n\000d\000\040\000L\000i\000m\000i\000t\000a\000t\000i\000o\000n\000s}{part.2}% 55
\BOOKMARK [1][-]{section.17}{\376\377\000G\000e\000n\000e\000r\000a\000l\000\040\000C\000o\000n\000c\000l\000u\000s\000i\000o\000n}{part.2}% 56
\BOOKMARK [1][-]{appendix.A}{\376\377\000D\000o\000c\000u\000m\000e\000n\000t\000\040\000H\000i\000s\000t\000o\000r\000y}{part.2}% 57
\BOOKMARK [1][-]{appendix.B}{\376\377\000F\000u\000n\000d\000a\000m\000e\000n\000t\000a\000l\000\040\000T\000a\000b\000l\000e\000\040\000o\000f\000\040\000E\000l\000e\000m\000e\000n\000t\000a\000r\000y\000\040\000P\000a\000r\000t\000i\000c\000l\000e\000s}{part.2}% 58
\BOOKMARK [1][-]{appendix.C}{\376\377\000N\000o\000m\000e\000n\000c\000l\000a\000t\000u\000r\000e\000\040\000a\000n\000d\000\040\000U\000n\000i\000t\000s\000\040\000o\000f\000\040\000V\000a\000r\000i\000a\000b\000l\000e\000s}{part.2}% 59
\BOOKMARK [1][-]{appendix.D}{\376\377\000E\000m\000e\000r\000g\000e\000n\000t\000\040\000R\000e\000l\000a\000t\000i\000v\000i\000s\000t\000i\000c\000\040\000D\000y\000n\000a\000m\000i\000c\000s\000\040\000o\000f\000\040\000A\000u\000t\000o\000n\000o\000m\000o\000u\000s\000\040\000S\000u\000b\000-\000G\000a\000p\000\040\000B\000r\000e\000a\000t\000h\000e\000r\000s}{part.2}% 60
\BOOKMARK [2][-]{subsection.D.1}{\376\377\000M\000o\000d\000e\000l\000\040\000a\000n\000d\000\040\000d\000e\000f\000i\000n\000i\000t\000i\000o\000n\000s}{appendix.D}% 61
\BOOKMARK [2][-]{subsection.D.2}{\376\377\000B\000r\000e\000a\000t\000h\000e\000r\000\040\000a\000t\000\040\000r\000e\000s\000t\000\040\040\024\000\040\000s\000t\000a\000b\000i\000l\000i\000t\000y\000\040\000a\000n\000d\000\040\000c\000o\000n\000v\000e\000r\000g\000e\000n\000c\000e\000\040\000\050\000t\000h\000r\000e\000e\000\040\000r\000e\000s\000o\000l\000u\000t\000i\000o\000n\000s\000\051}{appendix.D}% 62
\BOOKMARK [2][-]{subsection.D.3}{\376\377\000B\000o\000o\000s\000t\000e\000d\000\040\000b\000r\000e\000a\000t\000h\000e\000r\000s\000\040\040\024\000\040\000k\000i\000n\000e\000m\000a\000t\000i\000c\000s\000\040\000a\000n\000d\000\040\000i\000n\000t\000e\000r\000n\000a\000l\000\040\000c\000l\000o\000c\000k}{appendix.D}% 63
\BOOKMARK [2][-]{subsection.D.4}{\376\377\000M\000o\000m\000e\000n\000t\000u\000m}{appendix.D}% 64
\BOOKMARK [2][-]{subsection.D.5}{\376\377\000O\000p\000e\000n\000\040\000v\000s\000\040\000c\000l\000o\000s\000e\000d\000\040\000s\000y\000s\000t\000e\000m\000s\000\040\000\050\000c\000o\000n\000t\000r\000o\000l\000\051}{appendix.D}% 65
\BOOKMARK [2][-]{subsection.D.6}{\376\377\000I\000n\000e\000r\000t\000i\000a\000l\000\040\000r\000e\000s\000p\000o\000n\000s\000e\000\040\000\050\000t\000h\000r\000e\000e\000\040\000r\000e\000s\000o\000l\000u\000t\000i\000o\000n\000s\000\051}{appendix.D}% 66
\BOOKMARK [2][-]{subsection.D.7}{\376\377\000S\000u\000m\000m\000a\000r\000y\000\040\000\050\000h\000\040\000=\000\040\0000\000.\0005\000,\000\040\000=\000\040\0000\000.\0009\0005\000;\000\040\000a\000l\000l\000\040\000m\000a\000s\000s\000e\000s\000\040\000i\000n\000\040\000u\000n\000i\000t\000s\000\040\000E\0000\000/\000c\0002\000\051}{appendix.D}% 67
\BOOKMARK [2][-]{subsection.D.8}{\376\377\000L\000i\000m\000i\000t\000s\000\040\000o\000f\000\040\000i\000n\000t\000e\000r\000p\000r\000e\000t\000a\000t\000i\000o\000n}{appendix.D}% 68
\BOOKMARK [1][-]{appendix.E}{\376\377\000E\000m\000e\000r\000g\000e\000n\000t\000\040\000S\000i\000n\000g\000l\000e\000-\000B\000a\000n\000d\000\040\000S\000c\000h\000r\000\366\000d\000i\000n\000g\000e\000r\000\040\000D\000y\000n\000a\000m\000i\000c\000s\000\040\000o\000f\000\040\000t\000h\000e\000\040\000B\000r\000a\000i\000d\000e\000d\000-\000D\000e\000f\000e\000c\000t\000\040\000E\000n\000v\000e\000l\000o\000p\000e}{part.2}% 69
\BOOKMARK [2][-]{subsection.E.1}{\376\377\000S\000e\000t\000t\000i\000n\000g\000\040\000a\000n\000d\000\040\000d\000e\000f\000i\000n\000i\000t\000i\000o\000n\000s}{appendix.E}% 70
\BOOKMARK [2][-]{subsection.E.2}{\376\377\000F\000r\000e\000e\000\040\000e\000n\000v\000e\000l\000o\000p\000e\000:\000\040\000d\000i\000s\000p\000e\000r\000s\000i\000v\000e\000\040\000t\000r\000a\000n\000s\000p\000o\000r\000t\000\040\000a\000n\000d\000\040\000i\000t\000s\000\040\000q\000u\000a\000d\000r\000a\000t\000i\000c\000\040\000t\000r\000u\000n\000c\000a\000t\000i\000o\000n}{appendix.E}% 71
\BOOKMARK [2][-]{subsection.E.3}{\376\377\000A\000\040\000s\000i\000n\000g\000l\000e\000\040\000a\000c\000t\000i\000o\000n\000\040\000q\000u\000a\000n\000t\000u\000m\000:\000\040\000d\000e\000\040\000B\000r\000o\000g\000l\000i\000e\000\040\000a\000n\000d\000\040\000i\000n\000e\000r\000t\000i\000a}{appendix.E}% 72
\BOOKMARK [2][-]{subsection.E.4}{\376\377\000E\000x\000t\000e\000r\000n\000a\000l\000\040\000p\000o\000t\000e\000n\000t\000i\000a\000l\000:\000\040\000s\000i\000n\000g\000l\000e\000-\000b\000a\000n\000d\000\040\000e\000n\000v\000e\000l\000o\000p\000e\000\040\000t\000h\000e\000o\000r\000y\000\040\000w\000i\000t\000h\000\040\000a\000\040\000m\000e\000a\000s\000u\000r\000e\000d\000\040\000b\000r\000e\000a\000k\000d\000o\000w\000n\000\040\000t\000h\000r\000e\000s\000h\000o\000l\000d}{appendix.E}% 73
\BOOKMARK [2][-]{subsection.E.5}{\376\377\000T\000w\000o\000\040\000n\000e\000g\000a\000t\000i\000v\000e\000\040\000r\000e\000s\000u\000l\000t\000s\000,\000\040\000a\000n\000d\000\040\000t\000h\000e\000\040\000l\000i\000m\000i\000t\000s\000\040\000o\000f\000\040\000i\000n\000t\000e\000r\000p\000r\000e\000t\000a\000t\000i\000o\000n}{appendix.E}% 74
